[
  {
    "testSet": [
      0,
      1,
      1,
      null,
      1,
      1
    ],
    "testMergeOverwrite": [
      "v",
      "v",
      "B",
      "value1",
      "value2",
      "value3",
      "B",
      "value1",
      "value2",
      "value3"
    ],
    "testKubeVersion": {
      "major": 1,
      "minor": 32,
      "version": "v1.32.0",
      "t2": "v1.32.0"
    }
  }
]
